Command line invocation:
    /Applications/Xcode_16.4.app/Contents/Developer/usr/bin/xcodebuild archive -workspace ./MoneyManager.xcworkspace -scheme MoneyManager -configuration Release -destination generic/platform=iOS -archivePath /Users/runner/work/Money_Manager/Money_Manager/build.xcarchive

ComputePackagePrebuildTargetDependencyGraph

Prepare packages

CreateBuildRequest

SendProjectDescription

CreateBuildOperation

ComputeTargetDependencyGraph
note: Building targets in dependency order
note: Target dependency graph (8 targets)
    Target 'MoneyManager' in project 'MoneyManager'
        ➜ Implicit dependency on target 'Pods-MoneyManager' in project 'Pods' via file 'Pods_MoneyManager.framework' in build phase 'Link Binary'
        ➜ Implicit dependency on target 'DCDongSubscriptionKit' in project 'Pods' via options '-framework DCDongSubscriptionKit' in build setting 'OTHER_LDFLAGS'
        ➜ Implicit dependency on target 'PKHUD' in project 'Pods' via options '-framework PKHUD' in build setting 'OTHER_LDFLAGS'
    Target 'Pods-MoneyManager' in project 'Pods'
        ➜ Explicit dependency on target 'DCDongSubscriptionKit' in project 'Pods'
        ➜ Explicit dependency on target 'PKHUD' in project 'Pods'
        ➜ Explicit dependency on target 'UMAPM' in project 'Pods'
        ➜ Explicit dependency on target 'UMCommon' in project 'Pods'
        ➜ Explicit dependency on target 'UMDevice' in project 'Pods'
    Target 'DCDongSubscriptionKit' in project 'Pods'
        ➜ Explicit dependency on target 'PKHUD' in project 'Pods'
        ➜ Explicit dependency on target 'UMAPM' in project 'Pods'
        ➜ Explicit dependency on target 'UMCommon' in project 'Pods'
        ➜ Explicit dependency on target 'UMDevice' in project 'Pods'
    Target 'UMAPM' in project 'Pods'
        ➜ Explicit dependency on target 'UMCommon' in project 'Pods'
    Target 'UMCommon' in project 'Pods'
        ➜ Explicit dependency on target 'UMDevice' in project 'Pods'
    Target 'UMDevice' in project 'Pods' (no dependencies)
    Target 'PKHUD' in project 'Pods'
        ➜ Explicit dependency on target 'PKHUD-PKHUDResources' in project 'Pods'
    Target 'PKHUD-PKHUDResources' in project 'Pods' (no dependencies)

GatherProvisioningInputs

CreateBuildDescription

ExecuteExternalTool /Applications/Xcode_16.4.app/Contents/Developer/usr/bin/actool --version --output-format xml1

ExecuteExternalTool /Applications/Xcode_16.4.app/Contents/Developer/Toolchains/XcodeDefault.xctoolchain/usr/bin/clang -v -E -dM -arch arm64 -isysroot /Applications/Xcode_16.4.app/Contents/Developer/Platforms/iPhoneOS.platform/Developer/SDKs/iPhoneOS18.5.sdk -x c -c /dev/null

ExecuteExternalTool /Applications/Xcode_16.4.app/Contents/Developer/Toolchains/XcodeDefault.xctoolchain/usr/bin/clang -v -E -dM -isysroot /Applications/Xcode_16.4.app/Contents/Developer/Platforms/iPhoneOS.platform/Developer/SDKs/iPhoneOS18.5.sdk -x c -c /dev/null

ExecuteExternalTool /Applications/Xcode_16.4.app/Contents/Developer/Toolchains/XcodeDefault.xctoolchain/usr/bin/clang -v -E -dM -arch arm64 -isysroot /Applications/Xcode_16.4.app/Contents/Developer/Platforms/iPhoneOS.platform/Developer/SDKs/iPhoneOS18.5.sdk -x objective-c -c /dev/null

ExecuteExternalTool /Applications/Xcode_16.4.app/Contents/Developer/usr/bin/actool --print-asset-tag-combinations --output-format xml1 /Users/runner/work/Money_Manager/Money_Manager/MoneyManager/Resources/Assets.xcassets

ExecuteExternalTool /Applications/Xcode_16.4.app/Contents/Developer/Toolchains/XcodeDefault.xctoolchain/usr/bin/swiftc --version

ExecuteExternalTool /Applications/Xcode_16.4.app/Contents/Developer/Toolchains/XcodeDefault.xctoolchain/usr/bin/libtool -V

ExecuteExternalTool /Applications/Xcode_16.4.app/Contents/Developer/Toolchains/XcodeDefault.xctoolchain/usr/bin/ld -version_details

Build description signature: 4a65f9a1506c85ff8949d0c66e756c90
Build description path: /Users/runner/Library/Developer/Xcode/DerivedData/MoneyManager-heljuubgrifeijexuflqbjiswcel/Build/Intermediates.noindex/ArchiveIntermediates/MoneyManager/IntermediateBuildFilesPath/XCBuildData/4a65f9a1506c85ff8949d0c66e756c90.xcbuilddata
note: Disabling previews because SWIFT_VERSION is set and SWIFT_OPTIMIZATION_LEVEL=-O, expected -Onone (in target 'PKHUD-PKHUDResources' from project 'Pods')
note: Disabling previews because SWIFT_VERSION is set and SWIFT_OPTIMIZATION_LEVEL=-O, expected -Onone (in target 'PKHUD' from project 'Pods')
note: Disabling previews because SWIFT_VERSION is set and SWIFT_OPTIMIZATION_LEVEL=-O, expected -Onone (in target 'UMCommon' from project 'Pods')
note: Disabling previews because SWIFT_VERSION is set and SWIFT_OPTIMIZATION_LEVEL=-O, expected -Onone (in target 'Pods-MoneyManager' from project 'Pods')
note: Disabling previews because SWIFT_VERSION is set and SWIFT_OPTIMIZATION_LEVEL=-O, expected -Onone (in target 'UMAPM' from project 'Pods')
note: Disabling previews because SWIFT_VERSION is set and SWIFT_OPTIMIZATION_LEVEL=-O, expected -Onone (in target 'UMDevice' from project 'Pods')
note: Disabling previews because SWIFT_VERSION is set and SWIFT_OPTIMIZATION_LEVEL=-O, expected -Onone (in target 'DCDongSubscriptionKit' from project 'Pods')
/Users/runner/work/Money_Manager/Money_Manager/MoneyManager.xcodeproj: error: Provisioning profile "appstore-6758363204-20260212110350827" doesn't include the com.apple.developer.storekit.configuration entitlement. Profile qualification is using entitlement definitions that may be out of date. Connect to network to update. (in target 'MoneyManager' from project 'MoneyManager')
note: Disabling previews because SWIFT_VERSION is set and SWIFT_OPTIMIZATION_LEVEL=-O, expected -Onone (in target 'MoneyManager' from project 'MoneyManager')
** ARCHIVE FAILED **


The following build commands failed:
	Archiving workspace MoneyManager with scheme MoneyManager
(1 failure)
