Command line invocation:
    /Applications/Xcode_16.4.app/Contents/Developer/usr/bin/xcodebuild archive -workspace ./Water_Caffeine_Tracker.xcworkspace -scheme Water_Caffeine_Tracker -configuration Release -destination generic/platform=iOS -archivePath /Users/runner/work/Water_Caffeine_Tracker/Water_Caffeine_Tracker/build.xcarchive

ComputePackagePrebuildTargetDependencyGraph

Prepare packages

CreateBuildRequest

SendProjectDescription

CreateBuildOperation

ComputeTargetDependencyGraph
note: Building targets in dependency order
note: Target dependency graph (8 targets)
    Target 'Water_Caffeine_Tracker' in project 'Water_Caffeine_Tracker'
        ➜ Implicit dependency on target 'Pods-Water_Caffeine_Tracker' in project 'Pods' via file 'Pods_Water_Caffeine_Tracker.framework' in build phase 'Link Binary'
        ➜ Implicit dependency on target 'DCDongSubscriptionKit' in project 'Pods' via options '-framework DCDongSubscriptionKit' in build setting 'OTHER_LDFLAGS'
        ➜ Implicit dependency on target 'PKHUD' in project 'Pods' via options '-framework PKHUD' in build setting 'OTHER_LDFLAGS'
    Target 'Pods-Water_Caffeine_Tracker' in project 'Pods'
        ➜ Explicit dependency on target 'DCDongSubscriptionKit' in project 'Pods'
        ➜ Explicit dependency on target 'PKHUD' in project 'Pods'
        ➜ Explicit dependency on target 'UMAPM' in project 'Pods'
        ➜ Explicit dependency on target 'UMCommon' in project 'Pods'
        ➜ Explicit dependency on target 'UMDevice' in project 'Pods'
    Target 'DCDongSubscriptionKit' in project 'Pods'
        ➜ Explicit dependency on target 'PKHUD' in project 'Pods'
        ➜ Explicit dependency on target 'UMAPM' in project 'Pods'
        ➜ Explicit dependency on target 'UMCommon' in project 'Pods'
        ➜ Explicit dependency on target 'UMDevice' in project 'Pods'
    Target 'UMAPM' in project 'Pods'
        ➜ Explicit dependency on target 'UMCommon' in project 'Pods'
    Target 'UMCommon' in project 'Pods'
        ➜ Explicit dependency on target 'UMDevice' in project 'Pods'
    Target 'UMDevice' in project 'Pods' (no dependencies)
    Target 'PKHUD' in project 'Pods'
        ➜ Explicit dependency on target 'PKHUD-PKHUDResources' in project 'Pods'
    Target 'PKHUD-PKHUDResources' in project 'Pods' (no dependencies)

GatherProvisioningInputs

CreateBuildDescription

ExecuteExternalTool /Applications/Xcode_16.4.app/Contents/Developer/usr/bin/actool --version --output-format xml1

ExecuteExternalTool /Applications/Xcode_16.4.app/Contents/Developer/Toolchains/XcodeDefault.xctoolchain/usr/bin/clang -v -E -dM -arch arm64 -isysroot /Applications/Xcode_16.4.app/Contents/Developer/Platforms/iPhoneOS.platform/Developer/SDKs/iPhoneOS18.5.sdk -x c -c /dev/null

ExecuteExternalTool /Applications/Xcode_16.4.app/Contents/Developer/Toolchains/XcodeDefault.xctoolchain/usr/bin/clang -v -E -dM -isysroot /Applications/Xcode_16.4.app/Contents/Developer/Platforms/iPhoneOS.platform/Developer/SDKs/iPhoneOS18.5.sdk -x c -c /dev/null

ExecuteExternalTool /Applications/Xcode_16.4.app/Contents/Developer/usr/bin/actool --print-asset-tag-combinations --output-format xml1 /Users/runner/work/Water_Caffeine_Tracker/Water_Caffeine_Tracker/Water_Caffeine_Tracker/Resources/Assets.xcassets

ExecuteExternalTool /Applications/Xcode_16.4.app/Contents/Developer/Toolchains/XcodeDefault.xctoolchain/usr/bin/clang -v -E -dM -arch arm64 -isysroot /Applications/Xcode_16.4.app/Contents/Developer/Platforms/iPhoneOS.platform/Developer/SDKs/iPhoneOS18.5.sdk -x objective-c -c /dev/null

ExecuteExternalTool /Applications/Xcode_16.4.app/Contents/Developer/Toolchains/XcodeDefault.xctoolchain/usr/bin/swiftc --version

ExecuteExternalTool /Applications/Xcode_16.4.app/Contents/Developer/Toolchains/XcodeDefault.xctoolchain/usr/bin/libtool -V

ExecuteExternalTool /Applications/Xcode_16.4.app/Contents/Developer/Toolchains/XcodeDefault.xctoolchain/usr/bin/ld -version_details

Build description signature: 3f14473dfa47aacc1374a14ac58fff3c
Build description path: /Users/runner/Library/Developer/Xcode/DerivedData/Water_Caffeine_Tracker-blznwamaydhefweiirfcsikvynsw/Build/Intermediates.noindex/ArchiveIntermediates/Water_Caffeine_Tracker/IntermediateBuildFilesPath/XCBuildData/3f14473dfa47aacc1374a14ac58fff3c.xcbuilddata
note: Disabling previews because SWIFT_VERSION is set and SWIFT_OPTIMIZATION_LEVEL=-O, expected -Onone (in target 'PKHUD' from project 'Pods')
note: Disabling previews because SWIFT_VERSION is set and SWIFT_OPTIMIZATION_LEVEL=-O, expected -Onone (in target 'PKHUD-PKHUDResources' from project 'Pods')
note: Disabling previews because SWIFT_VERSION is set and SWIFT_OPTIMIZATION_LEVEL=-O, expected -Onone (in target 'UMDevice' from project 'Pods')
note: Disabling previews because SWIFT_VERSION is set and SWIFT_OPTIMIZATION_LEVEL=-O, expected -Onone (in target 'UMAPM' from project 'Pods')
note: Disabling previews because SWIFT_VERSION is set and SWIFT_OPTIMIZATION_LEVEL=-O, expected -Onone (in target 'Pods-Water_Caffeine_Tracker' from project 'Pods')
/Users/runner/work/Water_Caffeine_Tracker/Water_Caffeine_Tracker/Water_Caffeine_Tracker.xcodeproj: error: Provisioning profile "appstore-6760814903-20260331203510499" doesn't support the HealthKit capability.  (in target 'Water_Caffeine_Tracker' from project 'Water_Caffeine_Tracker')
/Users/runner/work/Water_Caffeine_Tracker/Water_Caffeine_Tracker/Water_Caffeine_Tracker.xcodeproj: error: Provisioning profile "appstore-6760814903-20260331203510499" doesn't include the com.apple.developer.healthkit and com.apple.developer.healthkit.access entitlements. Profile qualification is using entitlement definitions that may be out of date. Connect to network to update. (in target 'Water_Caffeine_Tracker' from project 'Water_Caffeine_Tracker')
note: Disabling previews because SWIFT_VERSION is set and SWIFT_OPTIMIZATION_LEVEL=-O, expected -Onone (in target 'Water_Caffeine_Tracker' from project 'Water_Caffeine_Tracker')
warning: Traditional headermap style is no longer supported; please migrate to using separate headermaps and set 'ALWAYS_SEARCH_USER_PATHS' to NO. (in target 'Water_Caffeine_Tracker' from project 'Water_Caffeine_Tracker')
note: Disabling previews because SWIFT_VERSION is set and SWIFT_OPTIMIZATION_LEVEL=-O, expected -Onone (in target 'UMCommon' from project 'Pods')
note: Disabling previews because SWIFT_VERSION is set and SWIFT_OPTIMIZATION_LEVEL=-O, expected -Onone (in target 'DCDongSubscriptionKit' from project 'Pods')
** ARCHIVE FAILED **


The following build commands failed:
	Archiving workspace Water_Caffeine_Tracker with scheme Water_Caffeine_Tracker
(1 failure)
